2026-06-02 13:23:43,514 [INFO] Leyendo ENOE_SDEMT124.dbf con 423,866 registros
2026-06-02 13:24:36,618 [INFO] Escribiendo enoe_2024_T1.parquet con 423,866 registros
2026-06-02 13:24:37,005 [INFO] Leyendo ENOE_SDEMT224.DBF con 427,123 registros
2026-06-02 13:25:24,696 [INFO] Escribiendo enoe_2024_T2.parquet con 427,123 registros
2026-06-02 13:25:25,044 [INFO] Leyendo ENOE_SDEMT324.dbf con 423,118 registros
2026-06-02 13:26:15,137 [INFO] Escribiendo enoe_2024_T3.parquet con 423,118 registros
2026-06-02 13:26:15,668 [INFO] Leyendo ENOE_SDEMT424.dbf con 422,408 registros
2026-06-02 13:27:33,359 [INFO] Escribiendo enoe_2024_T4.parquet con 422,408 registros
2026-06-02 20:52:50,123 [INFO] Leyendo SDEMT119.dbf con 406,036 registros
2026-06-02 20:53:30,754 [INFO] Escribiendo enoe_2019_T1.parquet con 406,036 registros
2026-06-02 20:53:31,247 [INFO] Leyendo SDEMT219.dbf con 407,431 registros
2026-06-02 20:54:11,972 [INFO] Escribiendo enoe_2019_T2.parquet con 407,431 registros
2026-06-02 20:54:12,352 [INFO] Leyendo SDEMT319.dbf con 405,449 registros
2026-06-02 20:54:53,650 [INFO] Escribiendo enoe_2019_T3.parquet con 405,449 registros
2026-06-02 20:54:54,038 [INFO] Leyendo SDEMT419.dbf con 402,536 registros
2026-06-02 20:55:35,123 [INFO] Escribiendo enoe_2019_T4.parquet con 402,536 registros
2026-06-02 20:55:35,503 [INFO] Leyendo ENOE_SDEMT120.dbf con 417,783 registros
2026-06-02 20:56:18,611 [INFO] Escribiendo enoe_2020_T1.parquet con 417,783 registros
2026-06-02 20:56:18,949 [INFO] Leyendo ENOEN_SDEMT320.DBF con 296,874 registros
2026-06-02 20:56:58,396 [INFO] Escribiendo enoe_2020_T3.parquet con 296,874 registros
2026-06-02 20:56:59,178 [INFO] Leyendo ENOEN_SDEMT420.DBF con 356,790 registros
2026-06-02 20:58:09,248 [INFO] Escribiendo enoe_2020_T4.parquet con 356,790 registros
2026-06-02 20:58:09,569 [INFO] Leyendo ENOEN_SDEMT121.DBF con 350,728 registros
2026-06-02 20:58:46,546 [INFO] Escribiendo enoe_2021_T1.parquet con 350,728 registros
2026-06-02 20:58:46,937 [INFO] Leyendo ENOEN_SDEMT221.DBF con 381,319 registros
2026-06-02 20:59:31,219 [INFO] Escribiendo enoe_2021_T2.parquet con 381,319 registros
2026-06-02 20:59:31,628 [INFO] Leyendo ENOEN_SDEMT321.dbf con 428,160 registros
2026-06-02 21:00:23,356 [INFO] Escribiendo enoe_2021_T3.parquet con 428,160 registros
2026-06-02 21:00:23,782 [INFO] Leyendo ENOEN_SDEMT421.dbf con 434,826 registros
2026-06-02 21:01:16,658 [INFO] Escribiendo enoe_2021_T4.parquet con 434,826 registros
2026-06-02 21:01:17,078 [INFO] Leyendo ENOEN_SDEMT122.dbf con 403,652 registros
2026-06-02 21:02:06,647 [INFO] Escribiendo enoe_2022_T1.parquet con 403,652 registros
2026-06-02 21:02:07,038 [INFO] Leyendo ENOEN_SDEMT222.dbf con 405,959 registros
2026-06-02 21:02:56,635 [INFO] Escribiendo enoe_2022_T2.parquet con 405,959 registros
2026-06-02 21:02:57,033 [INFO] Leyendo ENOEN_SDEMT322.dbf con 398,591 registros
2026-06-02 21:03:45,743 [INFO] Escribiendo enoe_2022_T3.parquet con 398,591 registros
2026-06-02 21:03:46,130 [INFO] Leyendo ENOEN_SDEMT422.dbf con 396,629 registros
2026-06-02 21:04:34,474 [INFO] Escribiendo enoe_2022_T4.parquet con 396,629 registros
2026-06-02 21:04:34,905 [INFO] Leyendo ENOE_SDEMT123.dbf con 450,263 registros
2026-06-02 21:06:36,934 [INFO] Escribiendo enoe_2023_T1.parquet con 450,263 registros
2026-06-02 21:06:37,917 [INFO] Leyendo ENOE_SDEMT223.dbf con 431,149 registros
2026-06-02 21:08:50,204 [INFO] Escribiendo enoe_2023_T2.parquet con 431,149 registros
2026-06-02 21:08:51,199 [INFO] Leyendo ENOE_SDEMT323.dbf con 429,077 registros
2026-06-02 21:11:02,938 [INFO] Escribiendo enoe_2023_T3.parquet con 429,077 registros
2026-06-02 21:11:03,932 [INFO] Leyendo ENOE_SDEMT423.dbf con 419,983 registros
2026-06-02 21:13:13,770 [INFO] Escribiendo enoe_2023_T4.parquet con 419,983 registros
2026-06-02 21:13:14,772 [INFO] Leyendo ENOE_SDEMT124.dbf con 423,866 registros
2026-06-02 21:15:24,981 [INFO] Escribiendo enoe_2024_T1.parquet con 423,866 registros
2026-06-02 21:15:25,961 [INFO] Leyendo ENOE_SDEMT224.DBF con 427,123 registros
2026-06-02 21:17:39,122 [INFO] Escribiendo enoe_2024_T2.parquet con 427,123 registros
2026-06-02 21:17:40,112 [INFO] Leyendo ENOE_SDEMT324.dbf con 423,118 registros
2026-06-02 21:19:50,300 [INFO] Escribiendo enoe_2024_T3.parquet con 423,118 registros
2026-06-02 21:19:51,297 [INFO] Leyendo ENOE_SDEMT424.dbf con 422,408 registros
2026-06-02 21:22:01,398 [INFO] Escribiendo enoe_2024_T4.parquet con 422,408 registros
